// Jest Snapshot v1, https://goo.gl/fbAQLP

exports[`<Footer /> renders correctly 1`] = `
<DocumentFragment>
  <div
    class="footer"
  >
    <img
      class="baner footer__baner"
      src="test-file-stub"
    />
  </div>
</DocumentFragment>
`;
